1S g W                                       W g7S g W                                       W g4S
 g M W M   M   M   M   M   M   M   M   M   M W M g M W M   M   M   M   M   M   M   M   M   M W M g
 W W W                                       W W W W W                                       W W W
   M   M   M   M   M   M   M   M   M   M   M   M   M   M   M   M   M   M   M   M   M   M   M   M  
                                                                                                  
   M   M   M   M   M   M   M   M   M   M   M   M   M   M   M   M   M   M   M   M   M   M   M   M  
                                                                                                  
   M   M   M   M   M   M   M   M   M   M   M   M   M   M   M   M   M   M   M   M   M   M   M   M  
                                                                                                  
   M   M   M   M   M   M   M   M   M   M   M   M   M   M   M   M   M   M   M   M   M   M   M   M  
                                                                                                  
   M   M   M   M   M   M   M   M   M   M   M   M   M   M   M   M   M   M   M   M   M   M   M   M  
                                                                                                  
   M   M   M   M   M   M   M   M   M   M   M   M   M   M   M   M   M   M   M   M   M   M   M   M  
                                                                                                  
   M   M   M   M   M   M   M   M   M   M   M   M   M   M   M   M   M   M   M   M   M   M   M   M  
                                                                                                  
   M   M   M   M   M   M   M   M   M   M   M   M   M   M   M   M   M   M   M   M   M   M   M   M  
                                                                                                  
   M   M   M   M   M   M   M   M   M   M   M   M   M   M   M   M   M   M   M   M   M   M   M   M  
                                                                                                  
   M   M   M   M   M   M   M   M   M   M   M   M   M   M   M   M   M   M   M   M   M   M   M   M  
 W W W                                                                                       W W W
 g M W M   M   M   M   M   M   M   M   M   M   M   M   M   M   M   M   M   M   M   M   M   M W M g
5S g W                                                                                       W g6S
 g M W M   M   M   M   M   M   M   M   M   M   M   M   M   M   M   M   M   M   M   M   M   M W M g
 W W W                                                                                       W W W
   M   M   M   M   M   M   M   M   M   M   M   M   M   M   M   M   M   M   M   M   M   M   M   M  
                                                                                                  
   M   M   M   M   M   M   M   M   M   M   M   M   M   M   M   M   M   M   M   M   M   M   M   M  
                                                                                                  
   M   M   M   M   M   M   M   M   M   M   M   M   M   M   M   M   M   M   M   M   M   M   M   M  
                                                                                                  
   M   M   M   M   M   M   M   M   M   M   M   M   M   M   M   M   M   M   M   M   M   M   M   M  
                                                                                                  
   M   M   M   M   M   M   M   M   M   M   M   M   M   M   M   M   M   M   M   M   M   M   M   M  
                                                                                                  
   M   M   M   M   M   M   M   M   M   M   M   M   M   M   M   M   M   M   M   M   M   M   M   M  
                                                                                                  
   M   M   M   M   M   M   M   M   M   M   M   M   M   M   M   M   M   M   M   M   M   M   M   M  
                                                                                                  
   M   M   M   M   M   M   M   M   M   M   M   M   M   M   M   M   M   M   M   M   M   M   M   M  
                                                                                                  
   M   M   M   M   M   M   M   M   M   M   M   M   M   M   M   M   M   M   M   M   M   M   M   M  
                                                                                                  
   M   M   M   M   M   M   M   M   M   M   M   M   M   M   M   M   M   M   M   M   M   M   M   M  
 W W W                                       W W W W W                                       W W W
 g M W M   M   M   M   M   M   M   M   M   M W M g M W M   M   M   M   M   M   M   M   M   M W M g
3S g W                                       W g8S g W                                       W g2S
